// Jest Snapshot v1, https://goo.gl/fbAQLP

exports[`ProductOverview renders correctly with product 1`] = `
<Link
  as="/product/1"
  href="/product/[id]"
  passHref={true}
>
  <styles__OverviewLink
    tabIndex={0}
    title="link to product :Energy saving light bulb"
  >
    <styles__OverviewWrapper>
      <Layout__Row>
        <styles__OverviewImage
          src="https://picsum.photos/500/500"
        />
        <styles__OverviewText>
          Energy saving light bulb
        </styles__OverviewText>
        <Memo(Price)
          price={12.99}
        />
      </Layout__Row>
    </styles__OverviewWrapper>
  </styles__OverviewLink>
</Link>
`;
